# Interface: InterfaceWithChars&lt;T&gt;

## Type Parameters

| Type Parameter |
| ------ |
| `T` |

## Properties

### &lt;

> **&lt;**: `string`

***

### &lt;tag&gt;

> **&lt;tag&gt;**: `string`

***

### &gt;

> **&gt;**: `string`

***

### prop

> **prop**: `T`
