# Variable: variableWithChars

> `const` **variableWithChars**: \{ `<x>`: `string`; `<y>`: `string`; `<z>`: `string`; \}

## Type Declaration

### &lt;x&gt;

> **&lt;x&gt;**: `string` = `'>'`

### &lt;y&gt;

> **&lt;y&gt;**: `string` = `'<'`

### &lt;z&gt;

> **&lt;z&gt;**: `string` = `'<tag>'`
