**typedoc-stubs v0.0**

***

# :tada typedoc-stubs and version 0.0

## Modules

| Module | Description |
| :------ | :------ |
| [module-1](module-1/README.md) | - |
| [~~module-2~~](module-2/README.md) | - |
