[**typedoc-stubs v0.0**](../../README.md)

***

[Home](../../README.md) / [module-1](../README.md) / someOtherVar

# CoolVars: Variable - someOtherVar

> `const` **someOtherVar**: `true` = `true`
