// @ts-check
/** @type {import("@docusaurus/plugin-content-docs").SidebarsConfig} */
const typedocSidebar = {items:[{type:"category",label:"3-module",items:[{type:"category",label:"Classes",items:[{type:"doc",id:"api/module/classes/ClassA",label:"ClassA",className:"typedoc-sidebar-item-deprecated"},{type:"doc",id:"api/module/classes/ClassB",label:"ClassB"}]},{type:"category",label:"Interfaces",items:[{type:"doc",id:"api/module/interfaces/InterfaceA",label:"InterfaceA",className:"typedoc-sidebar-item-deprecated"},{type:"doc",id:"api/module/interfaces/InterfaceB",label:"InterfaceB"}]}],link:{type:"doc",id:"api/module/index"}},{type:"category",label:"module-1",items:[{type:"category",label:"Classes",items:[{type:"doc",id:"api/module-1/classes/ClassA",label:"ClassA",className:"typedoc-sidebar-item-deprecated"},{type:"doc",id:"api/module-1/classes/ClassB",label:"ClassB"}]},{type:"category",label:"Interfaces",items:[{type:"doc",id:"api/module-1/interfaces/InterfaceA",label:"InterfaceA",className:"typedoc-sidebar-item-deprecated"},{type:"doc",id:"api/module-1/interfaces/InterfaceB",label:"InterfaceB"}]}],link:{type:"doc",id:"api/module-1/index"}},{type:"category",label:"module-2",items:[{type:"category",label:"Classes",items:[{type:"doc",id:"api/module-2/classes/ClassA",label:"ClassA",className:"typedoc-sidebar-item-deprecated"},{type:"doc",id:"api/module-2/classes/ClassB",label:"ClassB"}]},{type:"category",label:"Interfaces",items:[{type:"doc",id:"api/module-2/interfaces/InterfaceA",label:"InterfaceA",className:"typedoc-sidebar-item-deprecated"},{type:"doc",id:"api/module-2/interfaces/InterfaceB",label:"InterfaceB"}]}],link:{type:"doc",id:"api/module-2/index"}}]};
module.exports = typedocSidebar.items;