# Type Alias: ConditionalType\<T\>

> **ConditionalType**\<`T`\> = `T` *extends* `string` ? `"string"` : `T` *extends* `number` ? `"number"` : `T` *extends* `boolean` ? `"boolean"` : `T` *extends* `undefined` ? `"undefined"` : `"object"`

Defined in: [types.ts:1](http://source-url)

Comments for ConditionalType

## Type Parameters

### T

`T`
