# Type Alias: UnionTypeWithTemplateStrings

```ts
type UnionTypeWithTemplateStrings = 
  | `v${number}`
  | `v${number}.${number}`
  | `v${number}.${number}.${number}`;
```

Defined in: [types.ts:1](http://source-url)

Union with template strings
