# Type Alias: IntersectionType

```ts
type IntersectionType = TupleType & ArrayType & object;
```

Defined in: [types.ts:1](http://source-url)

Comments for IntersectionType

## Type declaration

| Name | Type |
| :------ | :------ |
| `bar` | `number` |
