# Function: functionWithComplexParams()

```ts
function functionWithComplexParams(paramA: (a: string) => true, paramB: object): boolean;
```

Defined in: [functions.ts:1](http://source-url)

Function with function parmas

## Parameters

| Parameter | Type |
| :------ | :------ |
| `paramA` | (`a`: `string`) => `true` |
| `paramB` | \{ `x`: `1`; \} |
| `paramB.x` | `1` |

## Returns

`boolean`
