# Type Alias: ReadonlyMappedType\<T\>

> **ReadonlyMappedType**\<`T`\> = `{ readonly [P in keyof T]: T[P] }`

Defined in: [types.ts:1](http://source-url)

Comments for ReadonlyMapedType

## Type Parameters

### T

`T`
