# Type Alias: ArrayType

> **ArrayType** = `string`[]

Defined in: [types.ts:1](http://source-url)

Comments for ArrayType
