# Type Alias: UnionType

> **UnionType** = `string` \| `boolean` \| \{ `z`: `string`; \}

Defined in: [types.ts:1](http://source-url)

Comments for UnionType
