# Function: functionWithNamedParams()

```ts
function functionWithNamedParams(__namedParameters: object, anotherParam: string): void;
```

Defined in: [functions.ts:1](http://source-url)

## Parameters

| Parameter | Type | Description |
| :------ | :------ | :------ |
| `__namedParameters` | \{ `bar?`: `number`; `foo?`: `number`; \} | various options |
| `__namedParameters.bar?` | `number` | - |
| `__namedParameters.foo?` | `number` | - |
| `anotherParam` | `string` | Another param comment |

## Returns

`void`
