# Variable: stringVariable

> `const` **stringVariable**: `"stringConstWithDefaultValue"` = `'stringConstWithDefaultValue'`

Defined in: [variables.ts:1](http://source-url)

A simple string variable
