# Function: functionWithArrayOfOptionalStuff()

> **functionWithArrayOfOptionalStuff**(`a`): `void`

Defined in: [functions.ts:1](http://source-url)

Comments for array of stuff?

## Parameters

### a

\[[`Stuff`](../type-aliases/Stuff.md)?\]

## Returns

`void`
