# Interface: InterfaceWithEventProperties

Defined in: [interfaces.ts:1](http://source-url)

## Properties

| Property | Type | Description |
| :------ | :------ | :------ |
| <a id="someprop"></a> `someProp?` | `boolean` | Description for prop someProp |

## Events

| Event | Type | Description |
| :------ | :------ | :------ |
| <a id="anotherevent"></a> `anotherEvent` | `MouseEvent` | - |
| <a id="someevent"></a> ~~`someEvent?`~~ | (`eventParam`: [`CustomEventInterface`](CustomEventInterface.md)\<`MouseEvent`\>) => `void` | Description for event someEvent **Deprecated** Deprectaed comments |
