# Type Alias: ArrayOfObjectsType

> **ArrayOfObjectsType** = `object`[]

Defined in: [types.ts:1](http://source-url)

## Type Declaration

### age

> **age**: `number`

### name

> **name**: `string`

Comments for name
