// Jest Snapshot v1, https://goo.gl/fbAQLP

exports[`Documents Class should compile a module document: (Output File Strategy "members") (Option Group "1") 1`] = `
"[typedoc-stubs](../../../README.md) / [ModuleWithDocuments1](../../README.md) / [ClassWithDocuments](../ClassWithDocuments.md) / CLASS\\_DOC

> Class Documentation

Document content
"
`;

exports[`Documents Class should compile index page for class: (Output File Strategy "members") (Option Group "1") 1`] = `
"[typedoc-stubs](../../README.md) / [ModuleWithDocuments1](../README.md) / ClassWithDocuments

# Class: ClassWithDocuments

## Documents

- [CLASS\\_DOC](documents/CLASS_DOC.md)

## Constructors

_CONSTRUCTOR_MEMBER_PARTIAL_
"
`;

exports[`Documents Enum should compile a module document: (Output File Strategy "members") (Option Group "1") 1`] = `
"[typedoc-stubs](../../../README.md) / [ModuleWithDocuments1](../../README.md) / [EnumWithDocuments](../EnumWithDocuments.md) / ENUM\\_DOC

> Enum Documentation

Document content
"
`;

exports[`Documents Enum should compile index page for enum: (Output File Strategy "members") (Option Group "1") 1`] = `
"[typedoc-stubs](../../README.md) / [ModuleWithDocuments1](../README.md) / EnumWithDocuments

# Enumeration: EnumWithDocuments

## Documents

- [ENUM\\_DOC](documents/ENUM_DOC.md)

## Enumeration Members

### EnumMember

_DECLARATION_TITLE_PARTIAL_
"
`;

exports[`Documents Interface should compile a interface document: (Output File Strategy "members") (Option Group "1") 1`] = `
"[typedoc-stubs](../../../README.md) / [ModuleWithDocuments1](../../README.md) / [InterfaceWithDocuments](../InterfaceWithDocuments.md) / INTERFACE\\_DOC

> Interface Documentation

Document content
"
`;

exports[`Documents Interface should compile a interface document: (Output File Strategy "members") (Option Group "1") 2`] = `
"[typedoc-stubs](../../../README.md) / [ModuleWithDocuments1](../../README.md) / [InterfaceWithDocuments](../InterfaceWithDocuments.md) / INTERFACE\\_DOC

> Interface Documentation

Document content
"
`;

exports[`Documents Interface should compile index page for interface: (Output File Strategy "members") (Option Group "1") 1`] = `
"[typedoc-stubs](../../README.md) / [ModuleWithDocuments1](../README.md) / InterfaceWithDocuments

# Interface: InterfaceWithDocuments

## Documents

- [INTERFACE\\_DOC](documents/INTERFACE_DOC.md)

## Properties

### prop

_DECLARATION_TITLE_PARTIAL_
"
`;

exports[`Documents Interface should compile index page for interface: (Output File Strategy "members") (Option Group "1") 2`] = `
"[typedoc-stubs](../../README.md) / [ModuleWithDocuments1](../README.md) / InterfaceWithDocuments

# Interface: InterfaceWithDocuments

## Documents

- [INTERFACE\\_DOC](documents/INTERFACE_DOC.md)

## Properties

### prop

_DECLARATION_TITLE_PARTIAL_
"
`;

exports[`Documents Module should compile index page for module: (Output File Strategy "members") (Option Group "1") 1`] = `
"[typedoc-stubs](../README.md) / ModuleWithDocuments1

# ModuleWithDocuments1

## Documents

- [MODULE\\_DOC](documents/MODULE_DOC.md)

## Namespaces

- [NamespaceWithDocuments](namespaces/NamespaceWithDocuments/README.md)

## Enumerations

- [EnumWithDocuments](enumerations/EnumWithDocuments.md)

## Classes

- [ClassWithDocuments](classes/ClassWithDocuments.md)

## Interfaces

- [InterfaceWithDocuments](interfaces/InterfaceWithDocuments.md)

## Type Aliases

- [TypeWithDocuments](type-aliases/TypeWithDocuments.md)

## Variables

- [variableWithDocuments](variables/variableWithDocuments.md)

## Functions

- [functionWithDocuments](functions/functionWithDocuments.md)
- [multipleFunctionWithDocuments](functions/multipleFunctionWithDocuments.md)
"
`;

exports[`Documents Module should compile index page for module: (Output File Strategy "modules") (Option Group "1") 1`] = `
"[typedoc-stubs](../README.md) / ModuleWithDocuments1

# ModuleWithDocuments1

## Documents

- [MODULE\\_DOC](documents/MODULE_DOC.md)

## Namespaces

- [NamespaceWithDocuments](namespaces/NamespaceWithDocuments/README.md)

## Enumerations

### EnumWithDocuments

#### Documents

- [ENUM\\_DOC](documents/Enumeration.ENUM_DOC.md)

#### Enumeration Members

##### EnumMember

_DECLARATION_TITLE_PARTIAL_

## Classes

### ClassWithDocuments

#### Documents

- [CLASS\\_DOC](documents/Class.CLASS_DOC.md)

#### Constructors

_CONSTRUCTOR_MEMBER_PARTIAL_

## Interfaces

### InterfaceWithDocuments

#### Documents

- [INTERFACE\\_DOC](documents/Interface.INTERFACE_DOC.md)

#### Properties

##### prop

_DECLARATION_TITLE_PARTIAL_

## Type Aliases

### TypeWithDocuments

_DECLARATION_TITLE_PARTIAL_

#### Documents

- [TYPE\\_DOC](documents/TypeAlias.TYPE_DOC.md)

## Variables

### variableWithDocuments

_DECLARATION_TITLE_PARTIAL_

#### Documents

- [VARIABLE\\_DOC](documents/Variable.VARIABLE_DOC.md)

## Functions

### functionWithDocuments()

_SIGNATURE_TITLE_PARTIAL_

Comments for functionWithDocuments

#### Documents

- [FUNCTION\\_DOC\\_1](documents/Function.FUNCTION_DOC_1.md)

_SIGNATURE_RETURNS_PARTIAL_

***

### multipleFunctionWithDocuments()

Comments for multipleFunctionWithDocuments

#### Documents

- [FUNCTION\\_DOC\\_3](documents/Function.FUNCTION_DOC_3.md)
- [FUNCTION\\_DOC\\_1](documents/Function.FUNCTION_DOC_1-1.md)
- [FUNCTION\\_DOC\\_2](documents/Function.FUNCTION_DOC_2.md)

#### Call Signature

_SIGNATURE_TITLE_PARTIAL_

Comments for multipleFunctionWithDocumentsA

##### Parameters

_PARAMETERS_LIST_PARTIAL_

_SIGNATURE_RETURNS_PARTIAL_

#### Call Signature

_SIGNATURE_TITLE_PARTIAL_

Comments for multipleFunctionWithDocumentsB

##### Parameters

_PARAMETERS_LIST_PARTIAL_

_SIGNATURE_RETURNS_PARTIAL_
"
`;

exports[`Documents Module should compile module documents: (Output File Strategy "members") (Option Group "1") 1`] = `
"[typedoc-stubs](../../README.md) / [ModuleWithDocuments1](../README.md) / MODULE\\_DOC

> Module Documentation

Document content
"
`;

exports[`Documents Module should compile module documents: (Output File Strategy "modules") (Option Group "1") 1`] = `
"[typedoc-stubs](../../README.md) / [ModuleWithDocuments1](../README.md) / MODULE\\_DOC

> Module Documentation

Document content
"
`;

exports[`Documents Project should compile a project document: (Output File Strategy "members") (Option Group "1") 1`] = `
"[typedoc-stubs](../README.md) / Project Document 1

## Project Document 1

Document content
"
`;

exports[`Documents Project should compile a project document: (Output File Strategy "modules") (Option Group "1") 1`] = `
"[typedoc-stubs](../README.md) / Project Document 1

## Project Document 1

Document content
"
`;

exports[`Documents Project should compile index page for project: (Output File Strategy "members") (Option Group "1") 1`] = `
"# typedoc-stubs

## Documents

- [Project Document 1](documents/Project-Document-1.md)
- [docs/project/PROJECT\\_DOC\\_2](documents/docs/project/PROJECT_DOC_2.md)
- [docs/project/PROJECT\\_DOC\\_3](documents/docs/project/PROJECT_DOC_3.md)

## Modules

- [ModuleWithDocuments1](ModuleWithDocuments1/README.md)
- [ModuleWithDocuments2](ModuleWithDocuments2/README.md)
"
`;

exports[`Documents Project should compile index page for project: (Output File Strategy "members") (Option Group "2") 1`] = `
"# typedoc-stubs

## Documents

<table>
<thead>
<tr>
<th>Document</th>
<th>Description</th>
</tr>
</thead>
<tbody>
<tr>
<td>

[Project Document 1](Document.Project-Document-1.md)

</td>
<td>

A description of the document

</td>
</tr>
<tr>
<td>

[docs/project/PROJECT\\_DOC\\_2](Document.docs.project.PROJECT_DOC_2.md)

</td>
<td>

&hyphen;

</td>
</tr>
<tr>
<td>

[docs/project/PROJECT\\_DOC\\_3](Document.docs.project.PROJECT_DOC_3.md)

</td>
<td>

&hyphen;

</td>
</tr>
</tbody>
</table>

## Modules

<table>
<thead>
<tr>
<th>Module</th>
<th>Description</th>
</tr>
</thead>
<tbody>
<tr>
<td>

[ModuleWithDocuments1](ModuleWithDocuments1.md)

</td>
<td>

&hyphen;

</td>
</tr>
<tr>
<td>

[ModuleWithDocuments2](ModuleWithDocuments2.md)

</td>
<td>

&hyphen;

</td>
</tr>
</tbody>
</table>
"
`;

exports[`Documents Project should compile index page for project: (Output File Strategy "modules") (Option Group "1") 1`] = `
"# typedoc-stubs

## Documents

- [Project Document 1](documents/Project-Document-1.md)
- [docs/project/PROJECT\\_DOC\\_2](documents/docs/project/PROJECT_DOC_2.md)
- [docs/project/PROJECT\\_DOC\\_3](documents/docs/project/PROJECT_DOC_3.md)

## Modules

- [ModuleWithDocuments1](ModuleWithDocuments1/README.md)
- [ModuleWithDocuments2](ModuleWithDocuments2/README.md)
"
`;

exports[`Documents Project should compile index page for project: (Output File Strategy "modules") (Option Group "2") 1`] = `
"# typedoc-stubs

## Documents

<table>
<thead>
<tr>
<th>Document</th>
<th>Description</th>
</tr>
</thead>
<tbody>
<tr>
<td>

[Project Document 1](Document.Project-Document-1.md)

</td>
<td>

A description of the document

</td>
</tr>
<tr>
<td>

[docs/project/PROJECT\\_DOC\\_2](Document.docs.project.PROJECT_DOC_2.md)

</td>
<td>

&hyphen;

</td>
</tr>
<tr>
<td>

[docs/project/PROJECT\\_DOC\\_3](Document.docs.project.PROJECT_DOC_3.md)

</td>
<td>

&hyphen;

</td>
</tr>
</tbody>
</table>

## Modules

<table>
<thead>
<tr>
<th>Module</th>
<th>Description</th>
</tr>
</thead>
<tbody>
<tr>
<td>

[ModuleWithDocuments1](ModuleWithDocuments1.md)

</td>
<td>

&hyphen;

</td>
</tr>
<tr>
<td>

[ModuleWithDocuments2](ModuleWithDocuments2.md)

</td>
<td>

&hyphen;

</td>
</tr>
</tbody>
</table>
"
`;
