[typedoc-stubs](../../../README.md) / [ModuleWithDocuments1](../../README.md) / [ClassWithDocuments](../ClassWithDocuments.md) / CLASS\_DOC

> Class Documentation

Document content
