[**packages-example**](../../../index.md)

***

[packages-example](../../../packages.md) / [package-6](../../../package-6.md) / [module1](../../../package-6.md) / PackageInterface1

# Interface: PackageInterface1
