# typedoc-stubs

Comments form module comments

> links

Links using `{@link}` inline tags.

- [CommentInterface](interfaces/CommentInterface.md) - Links to CommentInterface
- [Links to CommentInterface.prop](interfaces/CommentInterface.md#prop)
- [`Links to CommentInterface.propb`](interfaces/CommentInterface.md#propb)
- [Links to CommentInterface.\_prop\_with\_underscore\_](interfaces/CommentInterface.md#_prop_with_underscore_)
- [CommentEnum.MemberB](enumerations/CommentEnum.md#memberb)
- [SameName.prop](interfaces/SameName.md#prop)
- [TypeWithGenerics](type-aliases/TypeWithGenerics.md)
- [TypeDeclarationType](type-aliases/TypeDeclarationType.md)
- [TypeDeclarationType#declaration1](type-aliases/TypeDeclarationType.md#declaration1)
- [TypeDeclarationType2#declaration1](type-aliases/TypeDeclarationType2.md#declaration1)

External links:

- [Google](https://www.google.com)
- [`https://www.google.com`](https://www.google.com)

Relative Links:

- [Relative Document](_media/PROJECT_DOC_1.md)
- [Relative Document With Anchor](_media/PROJECT_DOC_1.md#anchor)

Relative Image Links:

<img src="_media/logo.png" alt="Logo" />

![Logo](_media/logo.svg)

## See

 - Comments for a tag
 - Comments for tag written on same line

## Html And Jsx

A <tag></tag> in comments

A `<tag>` in backticks

Another object `{ x: 1 }`.

<div style={{backgroundColor: "#fff", padding: 16}}>
 <img style={{display: "block"}} height="48" width="48"/>
</div>

Some random {{braces}}.

```
A <tag> in a code block
Some <p> html </p> inside codeblock
```

> codeBlocks

```css
.class {color:red}
```

```html
<div>x</div> <tag>y</tag>
```

`single line <code> {block}`

## Enumerations

- [CommentEnum](enumerations/CommentEnum.md)
- [EnumMembersTable](enumerations/EnumMembersTable.md)

## Classes

- [BaseClassProperties](classes/BaseClassProperties.md)
- [ClassPropertiesTable](classes/ClassPropertiesTable.md)

## Interfaces

- [BaseInterfaceProperties](interfaces/BaseInterfaceProperties.md)
- [CommentInterface](interfaces/CommentInterface.md)
- [CommentInterfaceExtended](interfaces/CommentInterfaceExtended.md)
- [InterfacePropertiesTable](interfaces/InterfacePropertiesTable.md)
- [SameName](interfaces/SameName.md)

## Type Aliases

- [TypeDeclarationType](type-aliases/TypeDeclarationType.md)
- [TypeDeclarationType2](type-aliases/TypeDeclarationType2.md)
- [typeWithBlockTags](type-aliases/typeWithBlockTags.md)
- [TypeWithGenerics](type-aliases/TypeWithGenerics.md)

## Variables

- [\_prop\_with\_underscore](variables/prop_with_underscore.md)
- [prop](variables/prop.md)
- [propb](variables/propb.md)
- [SameName](variables/SameName.md)
- [TypeDeclarationConst](variables/TypeDeclarationConst.md)

## Functions

- [constFunction](functions/constFunction.md)
- [constFunctionWithReturns](functions/constFunctionWithReturns.md)
- [functionWithBlockTags](functions/functionWithBlockTags.md)
- [multipleExampleTags](functions/multipleExampleTags.md)
- [parametersTable](functions/parametersTable.md)
- [singleExampleTag](functions/singleExampleTag.md)
