# Enumeration: EnumMembersTable

Defined in: [index.ts:1](http://source-url)

## Enumeration Members

<table>
<thead>
<tr>
<th align="left">Enumeration Member</th>
<th align="left">Value</th>
<th align="left">Description</th>
</tr>
</thead>
<tbody>
<tr>
<td>

<a id="api-member1"></a> `member1`

</td>
<td>

`"member1"`

</td>
<td>

The subroutine recursively parsed the hexadecimal data.

</td>
</tr>
</tbody>
</table>
