- [CommentInterface](#api-commentinterface) - Links to CommentInterface
- [Links to CommentInterface.prop](#api-prop)
- [`Links to CommentInterface.propb`](#api-propb-3)
- [Links to CommentInterface.\_prop\_with\_underscore\_](#api-_prop_with_underscore_)
- [CommentEnum.MemberB](#api-memberb)
- [SameName.prop](#api-prop-2)
- [TypeWithGenerics](#api-typewithgenerics)
- [TypeDeclarationType](#api-typedeclarationtype)
- [TypeDeclarationType#declaration1](#api-declaration1)
- [TypeDeclarationType2#declaration1](#api-declaration1-1)