[**typedoc-stubs**](../index.md)

***

[typedoc-stubs](../modules.md) / basic

# basic

A basic module

## Enumerations

| Enumeration | Description |
| :------ | :------ |
| [EnumA](enumerations/EnumA.md) | EnumA function. |
| [EnumB](enumerations/EnumB.md) | - |

## Classes

| Class | Description |
| :------ | :------ |
| [ClassA](classes/ClassA.md) | ClassA function. |
| [ClassB](classes/ClassB.md) | - |

## Interfaces

| Interface | Description |
| :------ | :------ |
| [InterfaceA](interfaces/InterfaceA.md) | Interface A comments line 1 and comments on a soft line. |
| [InterfaceB](interfaces/InterfaceB.md) | InterfaceB function. |

## Type Aliases

| Type Alias | Description |
| :------ | :------ |
| [TypeA](type-aliases/TypeA.md) | TypeA function. |
| [TypeB](type-aliases/TypeB.md) | TypeB function. |

## Variables

| Variable | Description |
| :------ | :------ |
| [variableA](variables/variableA.md) | - |
| [variableB](variables/variableB.md) | - |

## Functions

| Function | Description |
| :------ | :------ |
| [functionA](functions/functionA.md) | Comments for functionA |
