["README.md","Test.Module.Name.Interface.InterfaceA.md","Test.Module.Name.md","documentation.md","module-1.submodules.submodule-1.Class.ClassA.md","module-1.submodules.submodule-1.Class.ClassB.md","module-1.submodules.submodule-1.Enumeration.EnumA.md","module-1.submodules.submodule-1.Enumeration.EnumB.md","module-1.submodules.submodule-1.Interface.InterfaceA.md","module-1.submodules.submodule-1.Interface.InterfaceB.md","module-1.submodules.submodule-1.TypeAlias.TypeA.md","module-1.submodules.submodule-1.TypeAlias.TypeB.md","module-1.submodules.submodule-1.md","module-1.submodules.submodule-2.Class.ClassA.md","module-1.submodules.submodule-2.Class.ClassB.md","module-1.submodules.submodule-2.Enumeration.EnumA.md","module-1.submodules.submodule-2.Enumeration.EnumB.md","module-1.submodules.submodule-2.Interface.InterfaceA.md","module-1.submodules.submodule-2.Interface.InterfaceB.md","module-1.submodules.submodule-2.TypeAlias.TypeA.md","module-1.submodules.submodule-2.TypeAlias.TypeB.md","module-1.submodules.submodule-2.md","module-1.submodules.submodule-3-with-modules.nested-submodule-1.Class.ClassA.md","module-1.submodules.submodule-3-with-modules.nested-submodule-1.Class.ClassB.md","module-1.submodules.submodule-3-with-modules.nested-submodule-1.Enumeration.EnumA.md","module-1.submodules.submodule-3-with-modules.nested-submodule-1.Enumeration.EnumB.md","module-1.submodules.submodule-3-with-modules.nested-submodule-1.Interface.InterfaceA.md","module-1.submodules.submodule-3-with-modules.nested-submodule-1.Interface.InterfaceB.md","module-1.submodules.submodule-3-with-modules.nested-submodule-1.TypeAlias.TypeA.md","module-1.submodules.submodule-3-with-modules.nested-submodule-1.TypeAlias.TypeB.md","module-1.submodules.submodule-3-with-modules.nested-submodule-1.md","module-1.submodules.submodule-3-with-modules.nested-submodule-2.Class.ClassA.md","module-1.submodules.submodule-3-with-modules.nested-submodule-2.Class.ClassB.md","module-1.submodules.submodule-3-with-modules.nested-submodule-2.Enumeration.EnumA.md","module-1.submodules.submodule-3-with-modules.nested-submodule-2.Enumeration.EnumB.md","module-1.submodules.submodule-3-with-modules.nested-submodule-2.Interface.InterfaceA.md","module-1.submodules.submodule-3-with-modules.nested-submodule-2.Interface.InterfaceB.md","module-1.submodules.submodule-3-with-modules.nested-submodule-2.TypeAlias.TypeA.md","module-1.submodules.submodule-3-with-modules.nested-submodule-2.TypeAlias.TypeB.md","module-1.submodules.submodule-3-with-modules.nested-submodule-2.md","module-2.Class.ClassA.md","module-2.Class.ClassB.md","module-2.Enumeration.EnumA.md","module-2.Enumeration.EnumB.md","module-2.Interface.InterfaceA.md","module-2.Interface.InterfaceB.md","module-2.TypeAlias.TypeA.md","module-2.TypeAlias.TypeB.md","module-2.md","namespace.Class.ClassA.md","namespace.Class.ClassB.md","namespace.Enumeration.EnumA.md","namespace.Enumeration.EnumB.md","namespace.Interface.InterfaceA.md","namespace.Interface.InterfaceB.md","namespace.TypeAlias.TypeA.md","namespace.TypeAlias.TypeB.md","namespace.md"]