[
  "README.md",
  "interfaces/PackageInterface.md",
  "packages.md"
]