[
  "-internal-/index.md",
  "42-module-name/index.md",
  "basic/classes/ClassA.md",
  "basic/classes/ClassB.md",
  "basic/enumerations/EnumA.md",
  "basic/enumerations/EnumB.md",
  "basic/functions/functionA.md",
  "basic/index.md",
  "basic/interfaces/InterfaceA.md",
  "basic/interfaces/InterfaceB.md",
  "basic/type-aliases/TypeA.md",
  "basic/type-aliases/TypeB.md",
  "basic/variables/variableA.md",
  "basic/variables/variableB.md",
  "has-categories/enumerations/CategoryAEnum1.md",
  "has-categories/enumerations/CategoryAEnum2.md",
  "has-categories/enumerations/CategoryBEnum1.md",
  "has-categories/enumerations/CategoryBEnum2.md",
  "has-categories/enumerations/ExplicitNoCategoryEnum.md",
  "has-categories/enumerations/UnCategorizedEnum.md",
  "has-categories/index.md",
  "has-categories/interfaces/CategoryAInterface1.md",
  "has-categories/interfaces/CategoryAInterface2.md",
  "has-categories/interfaces/CategoryBInterface1.md",
  "has-categories/interfaces/CategoryBInterface2.md",
  "has-categories/interfaces/CategoryCInterface1.md",
  "has-categories/interfaces/CategoryCInterface2.md",
  "has-categories/interfaces/ExplicitNoCategoryInterface.md",
  "has-categories/interfaces/UnCategorizedInterace.md",
  "has-custom-groups/index.md",
  "has-custom-groups/interfaces/InterfaceNoGroup1.md",
  "has-custom-groups/interfaces/InterfaceNoGroup2.md",
  "has-custom-groups/variables/variabelA.md",
  "has-custom-groups/variables/variableB1.md",
  "has-custom-groups/variables/variableB2.md",
  "has-custom-groups/variables/variableC.md",
  "has-custom-groups/variables/variableNoGroup1.md",
  "has-custom-groups/variables/variableNoGroup2.md",
  "has-disabled-groups/classes/ClassA.md",
  "has-disabled-groups/classes/ClassB.md",
  "has-disabled-groups/enumerations/EnumA.md",
  "has-disabled-groups/enumerations/EnumB.md",
  "has-disabled-groups/functions/functionA.md",
  "has-disabled-groups/index.md",
  "has-disabled-groups/interfaces/InterfaceA.md",
  "has-disabled-groups/interfaces/InterfaceB.md",
  "has-disabled-groups/type-aliases/TypeA.md",
  "has-disabled-groups/type-aliases/TypeB.md",
  "has-disabled-groups/variables/variableA.md",
  "has-disabled-groups/variables/variableB.md",
  "has-namespaces/classes/ClassB.md",
  "has-namespaces/classes/Class_A.md",
  "has-namespaces/enumerations/EnumB.md",
  "has-namespaces/enumerations/Enum_A.md",
  "has-namespaces/functions/functionB.md",
  "has-namespaces/functions/function_A.md",
  "has-namespaces/index.md",
  "has-namespaces/interfaces/InterfaceB.md",
  "has-namespaces/interfaces/Interface_A.md",
  "has-namespaces/namespaces/NamespaceB/index.md",
  "has-namespaces/namespaces/Namespace_A/index.md",
  "has-namespaces/namespaces/Namespace_A/interfaces/NamespaceInterface.md",
  "has-namespaces/namespaces/Namespace_A/namespaces/NestedNamespace/index.md",
  "has-namespaces/namespaces/Namespace_A/namespaces/NestedNamespace/interfaces/NamespaceInterface.md",
  "has-namespaces/type-aliases/TypeB.md",
  "has-namespaces/type-aliases/Type_A.md",
  "has-namespaces/variables/variableB.md",
  "has-namespaces/variables/variable_A.md",
  "has-references/functions/defaultFunction.md",
  "has-references/index.md",
  "has-same-exports/classes/SomeClass-1.md",
  "has-same-exports/classes/someClass.md",
  "has-same-exports/functions/someFunction.md",
  "has-same-exports/index.md",
  "index/classes/SomeClass.md",
  "index/index.md",
  "index.md"
]