**@scope/package-1 v0.0**

***

# PACKAGE 1 README

Readme content
